###############################################################################
#
# IAR ELF Linker V7.70.1.11437/W32 for ARM                19/Dec/2016  18:33:10
# Copyright 2007-2016 IAR Systems AB.
#
#    Output file  =  
#        C:\Users\bruno
#        montanari\Desktop\projetos\stm32\ControlID\ControlID\EWARM\ControlID\Exe\ControlID.out
#    Map file     =  
#        C:\Users\bruno
#        montanari\Desktop\projetos\stm32\ControlID\ControlID\EWARM\ControlID\List\ControlID.map
#    Command line =  
#        "C:\Users\bruno
#        montanari\Desktop\projetos\stm32\ControlID\ControlID\EWARM\ControlID\Obj\gpio.o"
#        "C:\Users\bruno
#        montanari\Desktop\projetos\stm32\ControlID\ControlID\EWARM\ControlID\Obj\main.o"
#        "C:\Users\bruno
#        montanari\Desktop\projetos\stm32\ControlID\ControlID\EWARM\ControlID\Obj\startup_stm32f051x8.o"
#        "C:\Users\bruno
#        montanari\Desktop\projetos\stm32\ControlID\ControlID\EWARM\ControlID\Obj\stm32f0xx_hal.o"
#        "C:\Users\bruno
#        montanari\Desktop\projetos\stm32\ControlID\ControlID\EWARM\ControlID\Obj\stm32f0xx_hal_cortex.o"
#        "C:\Users\bruno
#        montanari\Desktop\projetos\stm32\ControlID\ControlID\EWARM\ControlID\Obj\stm32f0xx_hal_dma.o"
#        "C:\Users\bruno
#        montanari\Desktop\projetos\stm32\ControlID\ControlID\EWARM\ControlID\Obj\stm32f0xx_hal_flash.o"
#        "C:\Users\bruno
#        montanari\Desktop\projetos\stm32\ControlID\ControlID\EWARM\ControlID\Obj\stm32f0xx_hal_flash_ex.o"
#        "C:\Users\bruno
#        montanari\Desktop\projetos\stm32\ControlID\ControlID\EWARM\ControlID\Obj\stm32f0xx_hal_gpio.o"
#        "C:\Users\bruno
#        montanari\Desktop\projetos\stm32\ControlID\ControlID\EWARM\ControlID\Obj\stm32f0xx_hal_i2c.o"
#        "C:\Users\bruno
#        montanari\Desktop\projetos\stm32\ControlID\ControlID\EWARM\ControlID\Obj\stm32f0xx_hal_i2c_ex.o"
#        "C:\Users\bruno
#        montanari\Desktop\projetos\stm32\ControlID\ControlID\EWARM\ControlID\Obj\stm32f0xx_hal_msp.o"
#        "C:\Users\bruno
#        montanari\Desktop\projetos\stm32\ControlID\ControlID\EWARM\ControlID\Obj\stm32f0xx_hal_pwr.o"
#        "C:\Users\bruno
#        montanari\Desktop\projetos\stm32\ControlID\ControlID\EWARM\ControlID\Obj\stm32f0xx_hal_pwr_ex.o"
#        "C:\Users\bruno
#        montanari\Desktop\projetos\stm32\ControlID\ControlID\EWARM\ControlID\Obj\stm32f0xx_hal_rcc.o"
#        "C:\Users\bruno
#        montanari\Desktop\projetos\stm32\ControlID\ControlID\EWARM\ControlID\Obj\stm32f0xx_hal_rcc_ex.o"
#        "C:\Users\bruno
#        montanari\Desktop\projetos\stm32\ControlID\ControlID\EWARM\ControlID\Obj\stm32f0xx_hal_tim.o"
#        "C:\Users\bruno
#        montanari\Desktop\projetos\stm32\ControlID\ControlID\EWARM\ControlID\Obj\stm32f0xx_hal_tim_ex.o"
#        "C:\Users\bruno
#        montanari\Desktop\projetos\stm32\ControlID\ControlID\EWARM\ControlID\Obj\stm32f0xx_hal_tsc.o"
#        "C:\Users\bruno
#        montanari\Desktop\projetos\stm32\ControlID\ControlID\EWARM\ControlID\Obj\stm32f0xx_it.o"
#        "C:\Users\bruno
#        montanari\Desktop\projetos\stm32\ControlID\ControlID\EWARM\ControlID\Obj\system_stm32f0xx.o"
#        "C:\Users\bruno
#        montanari\Desktop\projetos\stm32\ControlID\ControlID\EWARM\ControlID\Obj\tsc.o"
#        "C:\Users\bruno
#        montanari\Desktop\projetos\stm32\ControlID\ControlID\EWARM\ControlID\Obj\tsl.o"
#        "C:\Users\bruno
#        montanari\Desktop\projetos\stm32\ControlID\ControlID\EWARM\ControlID\Obj\tsl_acq.o"
#        "C:\Users\bruno
#        montanari\Desktop\projetos\stm32\ControlID\ControlID\EWARM\ControlID\Obj\tsl_acq_stm32f0xx.o"
#        "C:\Users\bruno
#        montanari\Desktop\projetos\stm32\ControlID\ControlID\EWARM\ControlID\Obj\tsl_dxs.o"
#        "C:\Users\bruno
#        montanari\Desktop\projetos\stm32\ControlID\ControlID\EWARM\ControlID\Obj\tsl_ecs.o"
#        "C:\Users\bruno
#        montanari\Desktop\projetos\stm32\ControlID\ControlID\EWARM\ControlID\Obj\tsl_filter.o"
#        "C:\Users\bruno
#        montanari\Desktop\projetos\stm32\ControlID\ControlID\EWARM\ControlID\Obj\tsl_globals.o"
#        "C:\Users\bruno
#        montanari\Desktop\projetos\stm32\ControlID\ControlID\EWARM\ControlID\Obj\tsl_linrot.o"
#        "C:\Users\bruno
#        montanari\Desktop\projetos\stm32\ControlID\ControlID\EWARM\ControlID\Obj\tsl_object.o"
#        "C:\Users\bruno
#        montanari\Desktop\projetos\stm32\ControlID\ControlID\EWARM\ControlID\Obj\tsl_time.o"
#        "C:\Users\bruno
#        montanari\Desktop\projetos\stm32\ControlID\ControlID\EWARM\ControlID\Obj\tsl_time_stm32f0xx.o"
#        "C:\Users\bruno
#        montanari\Desktop\projetos\stm32\ControlID\ControlID\EWARM\ControlID\Obj\tsl_touchkey.o"
#        "C:\Users\bruno
#        montanari\Desktop\projetos\stm32\ControlID\ControlID\EWARM\ControlID\Obj\tsl_user.o"
#        --redirect _Printf=_PrintfFull --redirect _Scanf=_ScanfFull -o
#        "C:\Users\bruno
#        montanari\Desktop\projetos\stm32\ControlID\ControlID\EWARM\ControlID\Exe\ControlID.out"
#        --map "C:\Users\bruno
#        montanari\Desktop\projetos\stm32\ControlID\ControlID\EWARM\ControlID\List\ControlID.map"
#        --config "C:\Users\bruno
#        montanari\Desktop\projetos\stm32\ControlID\ControlID\EWARM/stm32f051x8_flash.icf"
#        --semihosting --entry __iar_program_start --vfe
#
###############################################################################

*******************************************************************************
*** RUNTIME MODEL ATTRIBUTES
***

CppFlavor       = *
__SystemLibrary = DLib


*******************************************************************************
*** PLACEMENT SUMMARY
***

"A0":  place at 0x08000000 { ro section .intvec };
"P1":  place in [from 0x08000000 to 0x0800ffff] { ro };
"P2":  place in [from 0x20000000 to 0x20001fff] { rw, block CSTACK, block HEAP };
initialize by copy { rw };

  Section            Kind        Address    Size  Object
  -------            ----        -------    ----  ------
"A0":                                       0xbc
  .intvec            ro code  0x08000000    0xbc  startup_stm32f051x8.o [1]
                            - 0x080000bc    0xbc

"P1":                                     0x1e65
  .text              ro code  0x080000bc   0x610  tsl_touchkey.o [1]
  .text              ro code  0x080006cc   0x138  tsl_acq_stm32f0xx.o [1]
  .text              ro code  0x08000804    0x96  tsl_time.o [1]
  .text              ro code  0x0800089a     0x2  startup_stm32f051x8.o [1]
  .text              ro code  0x0800089c    0xe8  tsc.o [1]
  .text              ro code  0x08000984    0xbe  stm32f0xx_hal_tsc.o [1]
  .text              ro code  0x08000a42     0x2  startup_stm32f051x8.o [1]
  .text              ro code  0x08000a44   0x108  main.o [1]
  .text              ro code  0x08000b4c   0x1a8  stm32f0xx_hal_gpio.o [1]
  .text              ro code  0x08000cf4    0x20  stm32f0xx_hal.o [1]
  .text              ro code  0x08000d14    0x30  gpio.o [1]
  .text              ro code  0x08000d44   0x22c  tsl_user.o [1]
  .text              ro code  0x08000f70   0x530  stm32f0xx_hal_rcc.o [1]
  .text              ro code  0x080014a0    0xae  I32DivModFast.o [4]
  .text              ro code  0x0800154e     0x2  startup_stm32f051x8.o [1]
  .text              ro code  0x08001550    0x96  stm32f0xx_hal_cortex.o [1]
  .text              ro code  0x080015e6    0x24  stm32f0xx_hal.o [1]
  .text              ro code  0x0800160a     0x2  startup_stm32f051x8.o [1]
  .text              ro code  0x0800160c    0x40  stm32f0xx_hal_msp.o [1]
  .text              ro code  0x0800164c    0xb8  tsl_object.o [1]
  .text              ro code  0x08001704    0x18  tsl.o [1]
  .text              ro code  0x0800171c   0x13c  tsl_acq.o [1]
  .text              ro code  0x08001858    0xb8  tsl_dxs.o [1]
  .text              ro code  0x08001910   0x1a0  tsl_ecs.o [1]
  .text              ro code  0x08001ab0     0xc  stm32f0xx_hal.o [1]
  .text              ro code  0x08001abc    0x34  ABImemcpy.o [4]
  .text              ro code  0x08001af0     0x2  IntDivZer.o [4]
  .text              ro code  0x08001af2     0x2  startup_stm32f051x8.o [1]
  .text              ro code  0x08001af4    0x48  tsl_time_stm32f0xx.o [1]
  .rodata            const    0x08001b3c   0x1c8  tsl_user.o [1]
  .text              ro code  0x08001d04    0x70  system_stm32f0xx.o [1]
  .text              ro code  0x08001d74    0x3c  zero_init3.o [4]
  .text              ro code  0x08001db0    0x3c  packbits_init_single.o [4]
  .text              ro code  0x08001dec    0x30  stm32f0xx_it.o [1]
  .text              ro code  0x08001e1c    0x10  stm32f0xx_hal.o [1]
  .text              ro code  0x08001e2c    0x28  data_init.o [4]
  .iar.init_table    const    0x08001e54    0x20  - Linker created -
  .text              ro code  0x08001e74    0x1a  cmain.o [4]
  .text              ro code  0x08001e8e     0x4  low_level_init.o [3]
  .text              ro code  0x08001e92     0x8  exit.o [3]
  .text              ro code  0x08001e9a     0x2  startup_stm32f051x8.o [1]
  .text              ro code  0x08001e9c     0xa  cexit.o [4]
  .text              ro code  0x08001ea6     0x2  startup_stm32f051x8.o [1]
  .text              ro code  0x08001ea8    0x14  exit.o [5]
  .text              ro code  0x08001ebc    0x10  startup_stm32f051x8.o [1]
  .text              ro code  0x08001ecc     0xc  cstartup_M.o [4]
  .text              ro code  0x08001ed8     0x2  startup_stm32f051x8.o [1]
  .text              ro code  0x08001eda     0x2  startup_stm32f051x8.o [1]
  .text              ro code  0x08001edc     0x2  startup_stm32f051x8.o [1]
  .text              ro code  0x08001ede     0x2  startup_stm32f051x8.o [1]
  .text              ro code  0x08001ee0     0x2  startup_stm32f051x8.o [1]
  .text              ro code  0x08001ee2     0x2  startup_stm32f051x8.o [1]
  .text              ro code  0x08001ee4     0x2  startup_stm32f051x8.o [1]
  .text              ro code  0x08001ee6     0x2  startup_stm32f051x8.o [1]
  .text              ro code  0x08001ee8     0x2  startup_stm32f051x8.o [1]
  .text              ro code  0x08001eea     0x2  startup_stm32f051x8.o [1]
  .text              ro code  0x08001eec     0x2  startup_stm32f051x8.o [1]
  .text              ro code  0x08001eee     0x2  startup_stm32f051x8.o [1]
  .text              ro code  0x08001ef0     0x2  startup_stm32f051x8.o [1]
  .text              ro code  0x08001ef2     0x2  startup_stm32f051x8.o [1]
  .text              ro code  0x08001ef4     0x2  startup_stm32f051x8.o [1]
  .text              ro code  0x08001ef6     0x2  startup_stm32f051x8.o [1]
  .text              ro code  0x08001ef8     0x2  startup_stm32f051x8.o [1]
  .text              ro code  0x08001efa     0x2  startup_stm32f051x8.o [1]
  .text              ro code  0x08001efc     0x2  startup_stm32f051x8.o [1]
  .text              ro code  0x08001efe     0x2  startup_stm32f051x8.o [1]
  .text              ro code  0x08001f00     0x2  startup_stm32f051x8.o [1]
  .rodata            const    0x08001f02     0x0  zero_init3.o [4]
  .rodata            const    0x08001f02     0x0  packbits_init_single.o [4]
  Initializer bytes  const    0x08001f02    0x1f  <for P2-1>
                            - 0x08001f21  0x1e65

"P2", part 1 of 3:                          0x2c
  P2-1                        0x20000000    0x2c  <Init block>
    .data            inited   0x20000000     0x4  system_stm32f0xx.o [1]
    .data            inited   0x20000004    0x18  tsl_user.o [1]
    .data            inited   0x2000001c    0x10  tsl_user.o [1]
                            - 0x2000002c    0x2c

"P2", part 2 of 3:                         0x400
  CSTACK                      0x20000030   0x400  <Block>
    CSTACK           uninit   0x20000030   0x400  <Block tail>
                            - 0x20000430   0x400

"P2", part 3 of 3:                         0x210
  .bss               zero     0x20000430    0x9c  tsl_user.o [1]
  .bss               zero     0x200004cc    0x5c  tsl_user.o [1]
  .bss               zero     0x20000528    0x4c  main.o [1]
  .bss               zero     0x20000574    0x40  tsc.o [1]
  .bss               zero     0x200005b4    0x34  main.o [1]
  .bss               zero     0x200005e8    0x34  tsl_user.o [1]
  .bss               zero     0x2000061c    0x14  tsl_globals.o [1]
  .bss               zero     0x20000630     0x4  stm32f0xx_hal.o [1]
  .bss               zero     0x20000634     0x4  tsl_ecs.o [1]
  .bss               zero     0x20000638     0x4  tsl_user.o [1]
  .bss               zero     0x2000063c     0x2  tsl_touchkey.o [1]
  .bss               zero     0x2000063e     0x1  main.o [1]
                            - 0x2000063f   0x20f


*******************************************************************************
*** INIT TABLE
***

          Address     Size
          -------     ----
Zero (__iar_zero_init3)
    1 destination range, total size 0x20f:
          0x20000430  0x20f

Copy/packbits (__iar_packbits_init_single3)
    1 source range, total size 0x1f (70% of destination):
          0x08001f02   0x1f
    1 destination range, total size 0x2c:
          0x20000000   0x2c



*******************************************************************************
*** MODULE SUMMARY
***

    Module                  ro code  ro data  rw data
    ------                  -------  -------  -------
C:\Users\bruno montanari\Desktop\projetos\stm32\ControlID\ControlID\EWARM\ControlID\Obj: [1]
    gpio.o                       48
    main.o                      264               129
    startup_stm32f051x8.o       260
    stm32f0xx_hal.o              96                 4
    stm32f0xx_hal_cortex.o      150
    stm32f0xx_hal_gpio.o        424
    stm32f0xx_hal_msp.o          64
    stm32f0xx_hal_rcc.o       1 328
    stm32f0xx_hal_tsc.o         190
    stm32f0xx_it.o               48
    system_stm32f0xx.o          112        2        4
    tsc.o                       232                64
    tsl.o                        24
    tsl_acq.o                   316
    tsl_acq_stm32f0xx.o         312
    tsl_dxs.o                   184
    tsl_ecs.o                   416                 4
    tsl_globals.o                                  20
    tsl_object.o                184
    tsl_time.o                  150
    tsl_time_stm32f0xx.o         72
    tsl_touchkey.o            1 552                 2
    tsl_user.o                  556      485      344
    -------------------------------------------------
    Total:                    6 982      487      571

command line: [2]
    -------------------------------------------------
    Total:

dl6M_tlf.a: [3]
    exit.o                        8
    low_level_init.o              4
    -------------------------------------------------
    Total:                       12

rt6M_tl.a: [4]
    ABImemcpy.o                  52
    I32DivModFast.o             174
    IntDivZer.o                   2
    cexit.o                      10
    cmain.o                      26
    cstartup_M.o                 12
    data_init.o                  40
    packbits_init_single.o       60
    zero_init3.o                 60
    -------------------------------------------------
    Total:                      436

shb_l.a: [5]
    exit.o                       20
    -------------------------------------------------
    Total:                       20

    Linker created                        32    1 024
-----------------------------------------------------
    Grand Total:              7 450      519    1 595


*******************************************************************************
*** ENTRY LIST
***

Entry                      Address   Size  Type      Object
-----                      -------   ----  ----      ------
.iar.init_table$$Base   0x08001e54          --   Gb  - Linker created -
.iar.init_table$$Limit  0x08001e74          --   Gb  - Linker created -
?main                   0x08001e75         Code  Gb  cmain.o [4]
AHBPrescTable           0x08001d64   0x10  Data  Gb  system_stm32f0xx.o [1]
BYPASS_DTO              0x2000063e    0x1  Data  Gb  main.o [1]
CSTACK$$Base            0x20000030          --   Gb  - Linker created -
CSTACK$$Limit           0x20000430          --   Gb  - Linker created -
CalibDiv                0x2000063c    0x2  Data  Lc  tsl_touchkey.o [1]
DD                      0x20000538   0x1c  Data  Gb  main.o [1]
DS                      0x20000528   0x10  Data  Gb  main.o [1]
Error_Handler           0x08000b4b    0x2  Code  Gb  main.o [1]
Gv_ECS_last_tick        0x2000000c    0x2  Data  Gb  tsl_user.o [1]
Gv_EOA                  0x20000638    0x4  Data  Gb  tsl_user.o [1]
HAL_GPIO_Init           0x08000b4d  0x18e  Code  Gb  stm32f0xx_hal_gpio.o [1]
HAL_GetTick             0x08001ab1    0xc  Code  Wk  stm32f0xx_hal.o [1]
HAL_IncTick             0x08001e1d   0x10  Code  Wk  stm32f0xx_hal.o [1]
HAL_Init                0x08000cf5   0x1a  Code  Gb  stm32f0xx_hal.o [1]
HAL_InitTick            0x080015e7   0x24  Code  Wk  stm32f0xx_hal.o [1]
HAL_MspInit             0x0800160d   0x40  Code  Gb  stm32f0xx_hal_msp.o [1]
HAL_NVIC_SetPriority    0x08001585    0x8  Code  Gb  stm32f0xx_hal_cortex.o [1]
HAL_RCC_ClockConfig     0x080012d1  0x126  Code  Gb  stm32f0xx_hal_rcc.o [1]
HAL_RCC_GetHCLKFreq     0x08001453    0x6  Code  Gb  stm32f0xx_hal_rcc.o [1]
HAL_RCC_GetSysClockFreq
                        0x08001401   0x52  Code  Gb  stm32f0xx_hal_rcc.o [1]
HAL_RCC_OscConfig       0x08000f71  0x35a  Code  Gb  stm32f0xx_hal_rcc.o [1]
HAL_SYSTICK_CLKSourceConfig
                        0x080015b5   0x18  Code  Gb  stm32f0xx_hal_cortex.o [1]
HAL_SYSTICK_Callback    0x080015e5    0x2  Code  Wk  stm32f0xx_hal_cortex.o [1]
HAL_SYSTICK_Config      0x0800158d   0x28  Code  Gb  stm32f0xx_hal_cortex.o [1]
HAL_SYSTICK_IRQHandler  0x080015dd    0x8  Code  Gb  stm32f0xx_hal_cortex.o [1]
HAL_TSC_Init            0x08000985   0x9c  Code  Gb  stm32f0xx_hal_tsc.o [1]
HAL_TSC_MspInit         0x080008dd   0x84  Code  Gb  tsc.o [1]
HardFault_Handler       0x08001def    0x2  Code  Gb  stm32f0xx_it.o [1]
KeyRead                 0x20000570    0x4  Data  Gb  main.o [1]
MX_GPIO_Init            0x08000d15   0x30  Code  Gb  gpio.o [1]
MX_TSC_Init             0x0800089d   0x40  Code  Gb  tsc.o [1]
MyBanks                 0x08000e0c   0x60  Data  Gb  tsl_user.o [1]
MyChannels_Data         0x20000430   0x9c  Data  Gb  tsl_user.o [1]
MyChannels_Dest         0x08001bd8   0x1c  Data  Gb  tsl_user.o [1]
MyChannels_Src          0x08001b3c   0x9c  Data  Gb  tsl_user.o [1]
MyObjGroup              0x20000010    0xc  Data  Gb  tsl_user.o [1]
MyObjects               0x08001c9c   0x68  Data  Gb  tsl_user.o [1]
MyTKeys                 0x08000e6c  0x104  Data  Gb  tsl_user.o [1]
MyTKeys_Data            0x200005e8   0x34  Data  Gb  tsl_user.o [1]
MyTKeys_ErrorStateProcess
                        0x08000b41    0x8  Code  Gb  main.o [1]
MyTKeys_Methods         0x08001c94    0x8  Data  Gb  tsl_user.o [1]
MyTKeys_OffStateProcess
                        0x08000b49    0x2  Code  Gb  main.o [1]
MyTKeys_Param           0x200004cc   0x5c  Data  Gb  tsl_user.o [1]
MyTKeys_StateMachine    0x08001bf4   0xa0  Data  Gb  tsl_user.o [1]
NMI_Handler             0x08001ded    0x2  Code  Gb  stm32f0xx_it.o [1]
NVIC_SetPriority        0x08001551   0x34  Code  Lc  stm32f0xx_hal_cortex.o [1]
PendSV_Handler          0x08001df3    0x2  Code  Gb  stm32f0xx_it.o [1]
ProcessSensors          0x08000ad1   0x66  Code  Gb  main.o [1]
Region$$Table$$Base     0x08001e54          --   Gb  - Linker created -
Region$$Table$$Limit    0x08001e74          --   Gb  - Linker created -
SVC_Handler             0x08001df1    0x2  Code  Gb  stm32f0xx_it.o [1]
SoftDelay               0x080007f1   0x14  Code  Gb  tsl_acq_stm32f0xx.o [1]
SysTick_Handler         0x08001df5    0xc  Code  Gb  stm32f0xx_it.o [1]
SystemClock_Config      0x08000a69   0x68  Code  Gb  main.o [1]
SystemCoreClock         0x20000000    0x4  Data  Gb  system_stm32f0xx.o [1]
SystemInit              0x08001d05   0x48  Code  Gb  system_stm32f0xx.o [1]
TSC_IRQHandler          0x08001e01   0x12  Code  Gb  stm32f0xx_it.o [1]
TSC_extract_groups      0x08000a21   0x22  Code  Lc  stm32f0xx_hal_tsc.o [1]
TSL_Globals             0x2000061c   0x14  Data  Gb  tsl_globals.o [1]
TSL_Init                0x08001705   0x18  Code  Gb  tsl.o [1]
TSL_Params              0x2000001c   0x10  Data  Gb  tsl_user.o [1]
TSL_acq_BankConfig      0x08000721   0x58  Code  Gb  tsl_acq_stm32f0xx.o [1]
TSL_acq_BankGetResult   0x0800171d  0x132  Code  Gb  tsl_acq.o [1]
TSL_acq_BankStartAcq    0x08000779   0x1e  Code  Gb  tsl_acq_stm32f0xx.o [1]
TSL_acq_BankWaitEOC     0x08000797   0x18  Code  Gb  tsl_acq_stm32f0xx.o [1]
TSL_acq_CheckNoise      0x080007e1    0x4  Code  Gb  tsl_acq_stm32f0xx.o [1]
TSL_acq_ComputeDelta    0x080007d5    0x6  Code  Gb  tsl_acq_stm32f0xx.o [1]
TSL_acq_ComputeMeas     0x080007db    0x6  Code  Gb  tsl_acq_stm32f0xx.o [1]
TSL_acq_GetMeas         0x080007af    0xa  Code  Gb  tsl_acq_stm32f0xx.o [1]
TSL_acq_Init            0x080006cd   0x54  Code  Gb  tsl_acq_stm32f0xx.o [1]
TSL_acq_TestFirstReferenceIsValid
                        0x080007ed    0x4  Code  Gb  tsl_acq_stm32f0xx.o [1]
TSL_acq_TestReferenceOutOfRange
                        0x080007e9    0x4  Code  Gb  tsl_acq_stm32f0xx.o [1]
TSL_acq_UseFilter       0x080007e5    0x4  Code  Gb  tsl_acq_stm32f0xx.o [1]
TSL_dxs_FirstObj        0x08001859   0xb8  Code  Gb  tsl_dxs.o [1]
TSL_ecs_CalcK           0x08001911   0x84  Code  Gb  tsl_ecs.o [1]
TSL_ecs_Process         0x08001a23   0x7c  Code  Gb  tsl_ecs.o [1]
TSL_ecs_Process::exec   0x20000634    0x1  Data  Lc  tsl_ecs.o [1]
TSL_ecs_Process::start_time
                        0x20000636    0x2  Data  Lc  tsl_ecs.o [1]
TSL_ecs_Process::wait   0x20000635    0x1  Data  Lc  tsl_ecs.o [1]
TSL_ecs_ProcessK        0x08001995   0x8e  Code  Gb  tsl_ecs.o [1]
TSL_obj_GroupInit       0x0800164d   0x50  Code  Gb  tsl_object.o [1]
TSL_obj_GroupProcess    0x0800169d   0x50  Code  Gb  tsl_object.o [1]
TSL_obj_SetGlobalObj    0x080016ed   0x12  Code  Gb  tsl_object.o [1]
TSL_tim_CheckDelay_ms   0x08000805   0x30  Code  Gb  tsl_time.o [1]
TSL_tim_CheckDelay_sec  0x08000835   0x3a  Code  Gb  tsl_time.o [1]
TSL_tim_Init            0x08001af5   0x48  Code  Gb  tsl_time_stm32f0xx.o [1]
TSL_tkey_CalibrationStateProcess
                        0x08000399   0xfe  Code  Gb  tsl_touchkey.o [1]
TSL_tkey_DTOGetTime     0x0800068d   0x30  Code  Gb  tsl_touchkey.o [1]
TSL_tkey_DebCalibrationStateProcess
                        0x0800032d   0x54  Code  Gb  tsl_touchkey.o [1]
TSL_tkey_DebDetectStateProcess
                        0x08000497   0x56  Code  Gb  tsl_touchkey.o [1]
TSL_tkey_DebErrorStateProcess
                        0x080005f9   0x86  Code  Gb  tsl_touchkey.o [1]
TSL_tkey_DebReleaseDetectStateProcess
                        0x080001fb   0x50  Code  Gb  tsl_touchkey.o [1]
TSL_tkey_DebReleaseTouchStateProcess
                        0x0800024b   0x50  Code  Gb  tsl_touchkey.o [1]
TSL_tkey_DetectStateProcess
                        0x080004ed   0x86  Code  Gb  tsl_touchkey.o [1]
TSL_tkey_GetStateMask   0x080001e1   0x1a  Code  Gb  tsl_touchkey.o [1]
TSL_tkey_Init           0x080000bd   0x40  Code  Gb  tsl_touchkey.o [1]
TSL_tkey_Process        0x080000fd   0x68  Code  Gb  tsl_touchkey.o [1]
TSL_tkey_ReleaseStateProcess
                        0x0800029b   0x92  Code  Gb  tsl_touchkey.o [1]
TSL_tkey_SetStateCalibration
                        0x08000165   0x5c  Code  Gb  tsl_touchkey.o [1]
TSL_tkey_SetStateOff    0x080001c1   0x20  Code  Gb  tsl_touchkey.o [1]
TSL_tkey_TouchStateProcess
                        0x08000573   0x86  Code  Gb  tsl_touchkey.o [1]
TSL_user_Action         0x08000d55   0xa8  Code  Gb  tsl_user.o [1]
TSL_user_Action::config_done
                        0x20000008    0x4  Data  Lc  tsl_user.o [1]
TSL_user_Action::idx_bank
                        0x20000004    0x4  Data  Lc  tsl_user.o [1]
TSL_user_Init           0x08000d45   0x10  Code  Gb  tsl_user.o [1]
TouchRef                0x20000554   0x1c  Data  Gb  main.o [1]
TouchRefSum             0x200005b4   0x34  Data  Gb  main.o [1]
__ICFEDIT_region_RAM_end__ {Abs}
                        0x20001fff         Data  Gb  command line/config [2]
__ICFEDIT_region_RAM_start__ {Abs}
                        0x20000000         Data  Gb  command line/config [2]
__aeabi_idiv0           0x08001af1         Code  Gb  IntDivZer.o [4]
__aeabi_memcpy4         0x08001abd         Code  Wk  ABImemcpy.o [4]
__aeabi_uidiv           0x080014a1         Code  Gb  I32DivModFast.o [4]
__aeabi_uidivmod        0x080014a1         Code  Gb  I32DivModFast.o [4]
__cmain                 0x08001e75         Code  Gb  cmain.o [4]
__exit                  0x08001ea9   0x14  Code  Gb  exit.o [5]
__iar_data_init3        0x08001e2d   0x28  Code  Gb  data_init.o [4]
__iar_packbits_init_single3
                        0x08001db1   0x3c  Code  Gb  packbits_init_single.o [4]
__iar_program_start     0x08001ecd         Code  Gb  cstartup_M.o [4]
__iar_zero_init3        0x08001d75   0x3c  Code  Gb  zero_init3.o [4]
__low_level_init        0x08001e8f    0x4  Code  Gb  low_level_init.o [3]
__vector_table          0x08000000         Data  Gb  startup_stm32f051x8.o [1]
_call_main              0x08001e81         Code  Gb  cmain.o [4]
_exit                   0x08001e9d         Code  Gb  cexit.o [4]
_main                   0x08001e8b         Code  Gb  cmain.o [4]
exit                    0x08001e93    0x8  Code  Gb  exit.o [3]
htsc                    0x20000574   0x40  Data  Gb  tsc.o [1]
main                    0x08000a45   0x24  Code  Gb  main.o [1]
uwTick                  0x20000630    0x4  Data  Gb  stm32f0xx_hal.o [1]


[1] = C:\Users\bruno montanari\Desktop\projetos\stm32\ControlID\ControlID\EWARM\ControlID\Obj
[2] = command line
[3] = dl6M_tlf.a
[4] = rt6M_tl.a
[5] = shb_l.a

  7 450 bytes of readonly  code memory
    519 bytes of readonly  data memory
  1 595 bytes of readwrite data memory

Errors: none
Warnings: none
